Microchip MPLAB XC8 Compiler V2.40

Linker command line:

-W-3 \
  --edf=C:\Program Files\Microchip\xc8\v2.40\pic\dat\20220703182018_en.msgs \
  -cn -h+dist/default/production\TEAM304FINAL.X.production.sym \
  --cmf=dist/default/production\TEAM304FINAL.X.production.cmf -z \
  -Q18LF27K40 -oC:\Users\levi\AppData\Local\Temp\xcAsgfs.4 \
  --defsym=__MPLAB_BUILD=1 --fixupoverflow=error \
  -Mdist/default/production/TEAM304FINAL.X.production.map \
  --md=C:\Users\levi\AppData\Local\Temp\xcAsgfs.dat -E1 -ver=XC8 Compiler \
  --acfsm=1493 -ACODE=00h-01FFFFh -ACONST=00h-01FFFFh \
  -ASMALLCONST=0F00h-0FFFhx497 -AMEDIUMCONST=0F00h-0FFFFh,010F00h-01FFFFh \
  -ACOMRAM=01h-05Fh -AABS1=00h-0E87h -ABIGRAM=01h-0E87h \
  -ARAM=060h-0FFh,0100h-01FFhx13,0E00h-0E87h -ABANK0=060h-0FFh \
  -ABANK1=0100h-01FFh -ABANK2=0200h-02FFh -ABANK3=0300h-03FFh \
  -ABANK4=0400h-04FFh -ABANK5=0500h-05FFh -ABANK6=0600h-06FFh \
  -ABANK7=0700h-07FFh -ABANK8=0800h-08FFh -ABANK9=0900h-09FFh \
  -ABANK10=0A00h-0AFFh -ABANK11=0B00h-0BFFh -ABANK12=0C00h-0CFFh \
  -ABANK13=0D00h-0DFFh -ABANK14=0E00h-0E87h \
  -ASFR=0E8Dh-0EFFh,0F00h-0F5Fh,0F60h-0FFFh -ABIGSFR=0E8Dh-0FFFh \
  -ACONFIG=0300000h-030000Bh -AIDLOC=0200000h-020000Fh \
  -AEEDATA=0310000h-03103FFh -peeprom_data=EEDATA \
  -preset_vec=00h,intcode=08h,intcodelo,powerup,init -pramtop=0F00h \
  -psmallconst=SMALLCONST -pmediumconst=MEDIUMCONST -pconst=CONST \
  -AFARRAM=00h-00h \
  -prdata=COMRAM,nvrram=COMRAM,nvbit=COMRAM,rbss=COMRAM,rbit=COMRAM \
  -pfarbss=FARRAM,fardata=FARRAM,nvFARRAM=FARRAM \
  -pintsave_regs=BIGRAM,bigbss=BIGRAM,bigdata=BIGRAM -pbss=RAM \
  -pidata=CODE,irdata=CODE,ibigdata=CODE,ifardata=CODE -prparam=COMRAM \
  C:\Users\levi\AppData\Local\Temp\xcAsgfs.o \
  dist/default/production\TEAM304FINAL.X.production.o 

Object code version is 3.11

Machine type is 18LF27K40



                Name                               Link     Load   Length Selector   Space Scale
C:\Users\levi\AppData\Local\Temp\xcAsgfs.o
                idloc                            200000   200000       10        0       5
                config                           300000   300000        C        0       4
                init                                 EC       EC        4        4       0
                reset_vec                             0        0        4        0       0
dist/default/production\TEAM304FINAL.X.production.o
                intcode                               8        8       E4        4       0
                idloc                            200000   200000       10        0       5
                config                           300000   300000        C        0       4
                temp                                 46       46        1        1       1
                smallconst                          F00      F00       50      780       0
                text110                            4E36     4E36        4      7A8       0
                text109                            4E32     4E32        4      7A8       0
                text108                            4BA4     4BA4       24      7A8       0
                text107                            41CE     41CE       84      7A8       0
                text106                            4C5C     4C5C       1C      7A8       0
                text105                            4A5E     4A5E       30      7A8       0
                text104                            4A2E     4A2E       30      7A8       0
                text103                            49FE     49FE       30      7A8       0
                text102                            49CE     49CE       30      7A8       0
                text101                            47F4     47F4       44      7A8       0
                text100                            4E2E     4E2E        4      7A8       0
                text99                             4E2A     4E2A        4      7A8       0
                text98                             4E26     4E26        4      7A8       0
                text97                             4E10     4E10        6      7A8       0
                text96                             4E22     4E22        4      7A8       0
                text95                             4E0A     4E0A        6      7A8       0
                text94                             4DDE     4DDE        8      7A8       0
                text93                             4CE8     4CE8       14      7A8       0
                text92                             4E04     4E04        6      7A8       0
                text91                             42D0     42D0       7E      7A8       0
                text90                             4D88     4D88        C      7A8       0
                text89                             4D0C     4D0C       10      7A8       0
                text88                             4CFC     4CFC       10      7A8       0
                text87                             3C86     3C86       C8      7A8       0
                text86                             400C     400C       A8      7A8       0
                text85                             4D7C     4D7C        C      7A8       0
                text84                             4DD6     4DD6        8      7A8       0
                text83                             4DCE     4DCE        8      7A8       0
                text82                             4DC6     4DC6        8      7A8       0
                text81                             4DBE     4DBE        8      7A8       0
                text80                             4DB6     4DB6        8      7A8       0
                text79                             4DAE     4DAE        8      7A8       0
                text78                             4DA6     4DA6        8      7A8       0
                text77                             4D70     4D70        C      7A8       0
                text76                             44AC     44AC       6C      7A8       0
                text75                             4DFE     4DFE        6      7A8       0
                text74                             4440     4440       6C      7A8       0
                text73                             4DF8     4DF8        6      7A8       0
                text72                             48BA     48BA       3E      7A8       0
                text71                             4E40     4E40        2     271F       0
                text70                             499A     499A       34      7A8       0
                text69                             4E3E     4E3E        2     271F       0
                text68                             4966     4966       34      7A8       0
                text67                             4AE4     4AE4       2A      7A8       0
                text65                             4ABA     4ABA       2A      7A8       0
                text64                             4CBE     4CBE       16      7A8       0
                text63                             4DF2     4DF2        6      7A8       0
                text62                             4E1E     4E1E        4      7A8       0
                text61                             4DEC     4DEC        6      7A8       0
                text60                             4A8E     4A8E       2C      7A8       0
                text59                             4E1A     4E1A        4      7A8       0
                text58                             487A     487A       40      7A8       0
                text57                             4D9E     4D9E        8      7A8       0
                text56                             4DE6     4DE6        6      7A8       0
                text55                             4BC8     4BC8       22      7A8       0
                text54                             4D62     4D62        E      7A8       0
                text53                             3D4E     3D4E       B6      7A8       0
                text52                             414A     414A       84      7A8       0
                text51                             4C40     4C40       1C      7A8       0
                text50                             4B80     4B80       24      7A8       0
                text49                             4C24     4C24       1C      7A8       0
                text48                             434E     434E       7C      7A8       0
                text47                             43CA     43CA       76      7A8       0
                text46                             4930     4930       36      7A8       0
                text45                             3EB4     3EB4       AE      7A8       0
                text44                             4D54     4D54        E      7A8       0
                text43                             4D46     4D46        E      7A8       0
                text42                             4D38     4D38        E      7A8       0
                text41                             46DA     46DA       4A      7A8       0
                text40                             4CD4     4CD4       14      7A8       0
                text39                             4E16     4E16        4      7A8       0
                text38                             4C90     4C90       18      7A8       0
                text37                             4D2A     4D2A        E      7A8       0
                text36                             4D1C     4D1C        E      7A8       0
                text35                             3E04     3E04       B0      7A8       0
                text34                             4C08     4C08       1C      7A8       0
                text33                             4CA8     4CA8       16      7A8       0
                text32                             4B5C     4B5C       24      7A8       0
                text31                             4BEA     4BEA       1E      7A8       0
                text30                             4B36     4B36       26      7A8       0
                text29                             386C     386C      10E      7A8       0
                text28                             4518     4518       6A      7A8       0
                text27                             33CA     33CA      1B4      7A8       0
                text26                             357E     357E      18A      7A8       0
                text25                             3708     3708      164      7A8       0
                text24                             4838     4838       42      7A8       0
                text23                             4C78     4C78       18      7A8       0
                text22                             4D94     4D94        A      7A8       0
                text21                             40B4     40B4       96      7A8       0
                text20                             47B0     47B0       44      7A8       0
                text19                             4252     4252       7E      7A8       0
                text18                             2F32     2F32      282      7A8       0
                text17                             2876     2876      39C      7A8       0
                text16                             3F62     3F62       AA      7A8       0
                text15                             3A82     3A82      106      7A8       0
                text14                             244A     244A      42C      7A8       0
                text13                             48F8     48F8       38      7A8       0
                text12                             1F88     1F88      4C2      7A8       0
                text11                             4724     4724       48      7A8       0
                text10                             397A     397A      108      7A8       0
                text9                              3B88     3B88       FE      7A8       0
                text8                              31B4     31B4      216      7A8       0
                text7                              4582     4582       66      7A8       0
                text6                              463E     463E       50      7A8       0
                text5                              476C     476C       44      7A8       0
                text4                               F50      F50      A2A      7A8       0
                text3                              2C12     2C12      320      7A8       0
                text2                              45E8     45E8       56      7A8       0
                text1                              4B0E     4B0E       28      7A8       0
                text0                              197A     197A      60E      7A8       0
                cstackCOMRAM                          1        1       2B        1       1
                cstackBANK0                          60       60       8F       60       1
                cstackBANK1                         17A      17A       19      100       1
                bssBANK1                            100      100       7A      100       1
                dataBANK0                            FD       FD        3       60       1
                bssBANK0                             EF       EF        E       60       1
                bssCOMRAM                            2C       2C       14        1       1
                cinit                              468E     468E       4C      7A8       0
                nvBANK1                             193      193        9      100       1
                nvCOMRAM                             40       40        6        1       1
                idataBANK0                         4E3A     4E3A        3      7A8       0

TOTAL           Name                               Link     Load   Length     Space
        CLASS   CODE           
                intcode                               8        8       E4         0
                init                                 EC       EC        4         0
                reset_vec                             0        0        4         0
                text110                            4E36     4E36        4         0
                text109                            4E32     4E32        4         0
                text108                            4BA4     4BA4       24         0
                text107                            41CE     41CE       84         0
                text106                            4C5C     4C5C       1C         0
                text105                            4A5E     4A5E       30         0
                text104                            4A2E     4A2E       30         0
                text103                            49FE     49FE       30         0
                text102                            49CE     49CE       30         0
                text101                            47F4     47F4       44         0
                text100                            4E2E     4E2E        4         0
                text99                             4E2A     4E2A        4         0
                text98                             4E26     4E26        4         0
                text97                             4E10     4E10        6         0
                text96                             4E22     4E22        4         0
                text95                             4E0A     4E0A        6         0
                text94                             4DDE     4DDE        8         0
                text93                             4CE8     4CE8       14         0
                text92                             4E04     4E04        6         0
                text91                             42D0     42D0       7E         0
                text90                             4D88     4D88        C         0
                text89                             4D0C     4D0C       10         0
                text88                             4CFC     4CFC       10         0
                text87                             3C86     3C86       C8         0
                text86                             400C     400C       A8         0
                text85                             4D7C     4D7C        C         0
                text84                             4DD6     4DD6        8         0
                text83                             4DCE     4DCE        8         0
                text82                             4DC6     4DC6        8         0
                text81                             4DBE     4DBE        8         0
                text80                             4DB6     4DB6        8         0
                text79                             4DAE     4DAE        8         0
                text78                             4DA6     4DA6        8         0
                text77                             4D70     4D70        C         0
                text76                             44AC     44AC       6C         0
                text75                             4DFE     4DFE        6         0
                text74                             4440     4440       6C         0
                text73                             4DF8     4DF8        6         0
                text72                             48BA     48BA       3E         0
                text71                             4E40     4E40        2         0
                text70                             499A     499A       34         0
                text69                             4E3E     4E3E        2         0
                text68                             4966     4966       34         0
                text67                             4AE4     4AE4       2A         0
                text65                             4ABA     4ABA       2A         0
                text64                             4CBE     4CBE       16         0
                text63                             4DF2     4DF2        6         0
                text62                             4E1E     4E1E        4         0
                text61                             4DEC     4DEC        6         0
                text60                             4A8E     4A8E       2C         0
                text59                             4E1A     4E1A        4         0
                text58                             487A     487A       40         0
                text57                             4D9E     4D9E        8         0
                text56                             4DE6     4DE6        6         0
                text55                             4BC8     4BC8       22         0
                text54                             4D62     4D62        E         0
                text53                             3D4E     3D4E       B6         0
                text52                             414A     414A       84         0
                text51                             4C40     4C40       1C         0
                text50                             4B80     4B80       24         0
                text49                             4C24     4C24       1C         0
                text48                             434E     434E       7C         0
                text47                             43CA     43CA       76         0
                text46                             4930     4930       36         0
                text45                             3EB4     3EB4       AE         0
                text44                             4D54     4D54        E         0
                text43                             4D46     4D46        E         0
                text42                             4D38     4D38        E         0
                text41                             46DA     46DA       4A         0
                text40                             4CD4     4CD4       14         0
                text39                             4E16     4E16        4         0
                text38                             4C90     4C90       18         0
                text37                             4D2A     4D2A        E         0
                text36                             4D1C     4D1C        E         0
                text35                             3E04     3E04       B0         0
                text34                             4C08     4C08       1C         0
                text33                             4CA8     4CA8       16         0
                text32                             4B5C     4B5C       24         0
                text31                             4BEA     4BEA       1E         0
                text30                             4B36     4B36       26         0
                text29                             386C     386C      10E         0
                text28                             4518     4518       6A         0
                text27                             33CA     33CA      1B4         0
                text26                             357E     357E      18A         0
                text25                             3708     3708      164         0
                text24                             4838     4838       42         0
                text23                             4C78     4C78       18         0
                text22                             4D94     4D94        A         0
                text21                             40B4     40B4       96         0
                text20                             47B0     47B0       44         0
                text19                             4252     4252       7E         0
                text18                             2F32     2F32      282         0
                text17                             2876     2876      39C         0
                text16                             3F62     3F62       AA         0
                text15                             3A82     3A82      106         0
                text14                             244A     244A      42C         0
                text13                             48F8     48F8       38         0
                text12                             1F88     1F88      4C2         0
                text11                             4724     4724       48         0
                text10                             397A     397A      108         0
                text9                              3B88     3B88       FE         0
                text8                              31B4     31B4      216         0
                text7                              4582     4582       66         0
                text6                              463E     463E       50         0
                text5                              476C     476C       44         0
                text4                               F50      F50      A2A         0
                text3                              2C12     2C12      320         0
                text2                              45E8     45E8       56         0
                text1                              4B0E     4B0E       28         0
                text0                              197A     197A      60E         0
                cinit                              468E     468E       4C         0
                idataBANK0                         4E3A     4E3A        3         0

        CLASS   CONST          

        CLASS   SMALLCONST     
                smallconst                          F00      F00       50         0

        CLASS   MEDIUMCONST    

        CLASS   COMRAM         
                temp                                 46       46        1         1
                cstackCOMRAM                          1        1       2B         1
                bssCOMRAM                            2C       2C       14         1
                nvCOMRAM                             40       40        6         1

        CLASS   ABS1           

        CLASS   BIGRAM         

        CLASS   RAM            

        CLASS   BANK0          
                cstackBANK0                          60       60       8F         1
                dataBANK0                            FD       FD        3         1
                bssBANK0                             EF       EF        E         1

        CLASS   BANK1          
                cstackBANK1                         17A      17A       19         1
                bssBANK1                            100      100       7A         1
                nvBANK1                             193      193        9         1

        CLASS   BANK2          

        CLASS   BANK3          

        CLASS   BANK4          

        CLASS   BANK5          

        CLASS   BANK6          

        CLASS   BANK7          

        CLASS   BANK8          

        CLASS   BANK9          

        CLASS   BANK10         

        CLASS   BANK11         

        CLASS   BANK12         

        CLASS   BANK13         

        CLASS   BANK14         

        CLASS   SFR            

        CLASS   BIGSFR         

        CLASS   CONFIG         
                config                           300000   300000        C         4

        CLASS   IDLOC          
                idloc                            200000   200000       10         5

        CLASS   EEDATA         

        CLASS   FARRAM         

        CLASS   HEAP           

        CLASS   STACK          



SEGMENTS        Name                           Load    Length   Top    Selector   Space  Class

                reset_vec                      000000  000004  000004         0       0  CODE    
                cstackCOMRAM                   000001  000046  000047         1       1  COMRAM  
                intcode                        000008  0000E8  0000F0         4       0  CODE    
                cstackBANK0                    000060  0000A0  000100        60       1  BANK0   
                bssBANK1                       000100  00009C  00019C       100       1  BANK1   
                smallconst                     000F00  000050  000F50       780       0  SMALLCON
                text4                          000F50  003EED  004E3D       7A8       0  CODE    
                text69                         004E3E  000004  004E42      271F       0  CODE    


UNUSED ADDRESS RANGES

        Name                Unused          Largest block    Delta
        BANK1            00019C-0001FF               64
        BANK10           000A00-000AFF              100
        BANK11           000B00-000BFF              100
        BANK12           000C00-000CFF              100
        BANK13           000D00-000DFF              100
        BANK14           000E00-000E87               88
        BANK2            000200-0002FF              100
        BANK3            000300-0003FF              100
        BANK4            000400-0004FF              100
        BANK5            000500-0005FF              100
        BANK6            000600-0006FF              100
        BANK7            000700-0007FF              100
        BANK8            000800-0008FF              100
        BANK9            000900-0009FF              100
        BIGRAM           000047-00005F               19
                         00019C-000E87              CEC
        BIGSFR           000E8D-000FFF              173
        CODE             000004-000007                4
                         0000F0-000EFF              E10
                         004E3D-004E3D                1
                         004E42-01FFFF            1B1BE
        COMRAM           000047-00005F               19
        CONST            000004-000007                4
                         0000F0-000EFF              E10
                         004E3D-004E3D                1
                         004E42-01FFFF            1B1BE
        EEDATA           310000-3103FF              400
        MEDIUMCONST      004E3D-004E3D                1
                         004E42-00FFFF             B1BE
                         010F00-01FFFF             F100
        RAM              00019C-000E87              100
        SFR              000E8D-000FFF               73
        SMALLCONST       004E3D-004E3D                1
                         004E42-01FFFF              100

                                  Symbol Table

?___aldiv                                       cstackBANK0  000060
?___aodiv                                       cstackCOMRAM 00001A
?___aomod                                       cstackCOMRAM 00001A
?___fladd                                       cstackBANK0  00008E
?___fldiv                                       cstackBANK0  000060
?___flmul                                       cstackBANK0  000075
?___flneg                                       cstackCOMRAM 00001A
?___flsub                                       cstackBANK0  00009E
?___fltol                                       cstackBANK0  00009E
?___fpclassifyf                                 cstackCOMRAM 00001A
?___lmul                                        cstackCOMRAM 00001A
?___xxtofl                                      cstackCOMRAM 00001A
?_abs                                           cstackBANK0  000060
?_floorf                                        cstackBANK0  000075
?_labs                                          cstackCOMRAM 00001A
?_printf                                        cstackBANK1  000185
?_vfprintf                                      cstackBANK0  0000E5
EUSART1_SetErrorHandler@interruptHandler        cstackCOMRAM 00001A
EUSART1_SetFramingErrorHandler@interruptHandler cstackCOMRAM 00001A
EUSART1_SetOverrunErrorHandler@interruptHandler cstackCOMRAM 00001A
EUSART1_Write@txData                            cstackCOMRAM 00001A
I2C1_CallbackReturnReset@funPtr                 cstackCOMRAM 00000C
I2C1_Close@returnValue                          cstackCOMRAM 00001A
I2C1_MasterOperation@read                       cstackCOMRAM 00001A
I2C1_MasterOperation@returnValue                cstackCOMRAM 00001B
I2C1_MasterSendTxData@data                      cstackCOMRAM 000001
I2C1_Open@address                               cstackCOMRAM 00001D
I2C1_Open@returnValue                           cstackCOMRAM 00001E
I2C1_Read1ByteRegister@address                  cstackCOMRAM 000026
I2C1_Read1ByteRegister@reg                      cstackCOMRAM 000025
I2C1_Read1ByteRegister@returnValue              cstackCOMRAM 000027
I2C1_SetAddressNackCallback@cb                  cstackCOMRAM 000020
I2C1_SetAddressNackCallback@ptr                 cstackCOMRAM 000023
I2C1_SetBuffer@buffer                           cstackCOMRAM 00001A
I2C1_SetBuffer@bufferSize                       cstackCOMRAM 00001C
I2C1_SetCallback@cb                             cstackCOMRAM 00001A
I2C1_SetCallback@idx                            cstackCOMRAM 00001F
I2C1_SetCallback@ptr                            cstackCOMRAM 00001D
I2C1_SetDataCompleteCallback@cb                 cstackCOMRAM 000020
I2C1_SetDataCompleteCallback@ptr                cstackCOMRAM 000023
I2C1_SetInterruptHandler@InterruptHandler       cstackCOMRAM 00001A
I2C1_Write1ByteRegister@address                 cstackCOMRAM 000027
I2C1_Write1ByteRegister@data                    cstackCOMRAM 000026
I2C1_Write1ByteRegister@reg                     cstackCOMRAM 000025
IOCAF1_SetInterruptHandler@InterruptHandler     cstackCOMRAM 00001A
IOCAF2_SetInterruptHandler@InterruptHandler     cstackCOMRAM 00001A
PWM4_LoadDutyValue@dutyValue                    cstackBANK0  000068
SPI2_Open@spi2UniqueConfiguration               cstackCOMRAM 00001B
_ANSELA                                         (abs)        000F11
_ANSELB                                         (abs)        000F19
_ANSELC                                         (abs)        000F21
_BAUD1CON                                       (abs)        000F9F
_CCPTMRSbits                                    (abs)        000FAE
_EUSART1_DefaultErrorHandler                    (abs)        000000
_EUSART1_DefaultFramingErrorHandler             (abs)        000000
_EUSART1_DefaultOverrunErrorHandler             (abs)        000000
_EUSART1_ErrorHandler                           nvBANK1      000193
_EUSART1_FramingErrorHandler                    nvBANK1      000199
_EUSART1_Initialize                             text41       0046DA
_EUSART1_OverrunErrorHandler                    nvBANK1      000196
_EUSART1_Read                                   text65       004ABA
_EUSART1_SetErrorHandler                        text44       004D54
_EUSART1_SetFramingErrorHandler                 text43       004D46
_EUSART1_SetOverrunErrorHandler                 text42       004D38
_EUSART1_Write                                  text23       004C78
_EUSART1_is_rx_ready                            text64       004CBE
_I2C1_CallbackReturnReset                       text99       004E2A
_I2C1_CallbackReturnStop                        text100      004E2E
_I2C1_Close                                     text60       004A8E
_I2C1_DO_ADDRESS_NACK                           text76       0044AC
_I2C1_DO_IDLE                                   text90       004D88
_I2C1_DO_RCEN                                   text85       004D7C
_I2C1_DO_RESET                                  text77       004D70
_I2C1_DO_RX                                     text86       00400C
_I2C1_DO_RX_ACK                                 text80       004DB6
_I2C1_DO_RX_NACK_RESTART                        text78       004DA6
_I2C1_DO_RX_NACK_STOP                           text79       004DAE
_I2C1_DO_SEND_ADR_READ                          text89       004D0C
_I2C1_DO_SEND_ADR_WRITE                         text88       004CFC
_I2C1_DO_SEND_RESTART                           text82       004DC6
_I2C1_DO_SEND_RESTART_READ                      text84       004DD6
_I2C1_DO_SEND_RESTART_WRITE                     text83       004DCE
_I2C1_DO_SEND_STOP                              text81       004DBE
_I2C1_DO_TX                                     text87       003C86
_I2C1_DO_TX_EMPTY                               text91       0042D0
_I2C1_Initialize                                text40       004CD4
_I2C1_MasterClearIrq                            text63       004DF2
_I2C1_MasterClose                               text62       004E1E
_I2C1_MasterDisableIrq                          text61       004DEC
_I2C1_MasterEnableIrq                           text56       004DE6
_I2C1_MasterEnableRestart                       text110      004E36
_I2C1_MasterFsm                                 text74       004440
_I2C1_MasterGetRxData                           text96       004E22
_I2C1_MasterIsNack                              text93       004CE8
_I2C1_MasterIsr                                 text73       004DF8
_I2C1_MasterOpen                                text55       004BC8
_I2C1_MasterOperation                           text58       00487A
_I2C1_MasterSendAck                             text95       004E0A
_I2C1_MasterSendNack                            text97       004E10
_I2C1_MasterSendTxData                          text94       004DDE
_I2C1_MasterSetIrq                              text92       004E04
_I2C1_MasterStart                               text59       004E1A
_I2C1_MasterStartRx                             text98       004E26
_I2C1_MasterStop                                text109      004E32
_I2C1_MasterWrite                               text57       004D9E
_I2C1_Open                                      text53       003D4E
_I2C1_Read1ByteRegister                         text48       00434E
_I2C1_SetAddressNackCallback                    text51       004C40
_I2C1_SetBuffer                                 text50       004B80
_I2C1_SetCallback                               text52       00414A
_I2C1_SetDataCompleteCallback                   text49       004C24
_I2C1_SetInterruptHandler                       text54       004D62
_I2C1_Status                                    bssBANK1     000100
_I2C1_Write1ByteRegister                        text47       0043CA
_INLVLA                                         (abs)        000F0D
_INLVLB                                         (abs)        000F15
_INLVLC                                         (abs)        000F1D
_INLVLE                                         (abs)        000F2A
_INTCONbits                                     (abs)        000FF2
_INTERRUPT_Initialize                           text39       004E16
_INTERRUPT_InterruptManager                     intcode      000008
_IOCAF1_DefaultInterruptHandler                 text71       004E40
_IOCAF1_ISR                                     text70       00499A
_IOCAF1_InterruptHandler                        nvCOMRAM     000043
_IOCAF1_SetInterruptHandler                     text37       004D2A
_IOCAF2_DefaultInterruptHandler                 text69       004E3E
_IOCAF2_ISR                                     text68       004966
_IOCAF2_InterruptHandler                        nvCOMRAM     000040
_IOCAF2_SetInterruptHandler                     text36       004D1C
_IOCAFbits                                      (abs)        000F0A
_IOCANbits                                      (abs)        000F0B
_IOCAPbits                                      (abs)        000F0C
_LATA                                           (abs)        000F83
_LATAbits                                       (abs)        000F83
_LATB                                           (abs)        000F84
_LATBbits                                       (abs)        000F84
_LATC                                           (abs)        000F85
_MSSP1_InterruptHandler                         bssCOMRAM    000038
_ODCONA                                         (abs)        000F0F
_ODCONB                                         (abs)        000F17
_ODCONC                                         (abs)        000F1F
_OSCCON1                                        (abs)        000ED8
_OSCCON3                                        (abs)        000EDA
_OSCEN                                          (abs)        000EDC
_OSCFRQ                                         (abs)        000EDE
_OSCILLATOR_Initialize                          text38       004C90
_OSCTUNE                                        (abs)        000EDD
_PIE0bits                                       (abs)        000EC2
_PIE3bits                                       (abs)        000EC5
_PIN_MANAGER_IOC                                text67       004AE4
_PIN_MANAGER_Initialize                         text35       003E04
_PIR0bits                                       (abs)        000ECA
_PIR3bits                                       (abs)        000ECD
_PIR4bits                                       (abs)        000ECE
_PMD0                                           (abs)        000EE1
_PMD1                                           (abs)        000EE2
_PMD2                                           (abs)        000EE3
_PMD3                                           (abs)        000EE4
_PMD4                                           (abs)        000EE5
_PMD5                                           (abs)        000EE6
_PMD_Initialize                                 text34       004C08
_PORTAbits                                      (abs)        000F8D
_PR2                                            (abs)        000FBC
_PWM4CON                                        (abs)        000FA2
_PWM4DCH                                        (abs)        000FA1
_PWM4DCL                                        (abs)        000FA0
_PWM4_Initialize                                text33       004CA8
_PWM4_LoadDutyValue                             text46       004930
_RB1PPS                                         (abs)        000EF0
_RB3PPS                                         (abs)        000EF2
_RC1REG                                         (abs)        000F99
_RC1STA                                         (abs)        000F9D
_RC1STAbits                                     (abs)        000F9D
_RC2PPS                                         (abs)        000EF9
_RC3PPS                                         (abs)        000EFA
_RC4PPS                                         (abs)        000EFB
_RC5PPS                                         (abs)        000EFC
_RX1PPS                                         (abs)        000EB5
_SLRCONA                                        (abs)        000F0E
_SLRCONB                                        (abs)        000F16
_SLRCONC                                        (abs)        000F1E
_SP1BRGH                                        (abs)        000F9C
_SP1BRGL                                        (abs)        000F9B
_SPI2_Initialize                                text32       004B5C
_SPI2_Open                                      text45       003EB4
_SSP1ADD                                        (abs)        000F93
_SSP1BUF                                        (abs)        000F92
_SSP1CLKPPS                                     (abs)        000EB7
_SSP1CON1                                       (abs)        000F96
_SSP1CON1bits                                   (abs)        000F96
_SSP1CON2                                       (abs)        000F97
_SSP1CON2bits                                   (abs)        000F97
_SSP1DATPPS                                     (abs)        000EB8
_SSP1STAT                                       (abs)        000F95
_SSP1STATbits                                   (abs)        000F95
_SSP2ADD                                        (abs)        000E93
_SSP2BUF                                        (abs)        000E92
_SSP2CLKPPS                                     (abs)        000E8F
_SSP2CON1                                       (abs)        000E96
_SSP2CON1bits                                   (abs)        000E96
_SSP2CON2                                       (abs)        000E97
_SSP2DATPPS                                     (abs)        000E90
_SSP2STAT                                       (abs)        000E95
_SYSTEM_Initialize                              text30       004B36
_T2CLKCON                                       (abs)        000FBF
_T2CON                                          (abs)        000FBD
_T2CONbits                                      (abs)        000FBD
_T2HLT                                          (abs)        000FBE
_T2HLTbits                                      (abs)        000FBE
_T2PR                                           (abs)        000FBC
_T2RST                                          (abs)        000FC0
_T2RSTbits                                      (abs)        000FC0
_T2TMR                                          (abs)        000FBB
_TMR2                                           (abs)        000FBB
_TMR2_Initialize                                text31       004BEA
_TRISA                                          (abs)        000F88
_TRISB                                          (abs)        000F89
_TRISBbits                                      (abs)        000F89
_TRISC                                          (abs)        000F8A
_TX1REG                                         (abs)        000F9A
_TX1STA                                         (abs)        000F9E
_TX1STAbits                                     (abs)        000F9E
_WPUA                                           (abs)        000F10
_WPUB                                           (abs)        000F18
_WPUC                                           (abs)        000F20
_WPUE                                           (abs)        000F2D
__HRAM                                          (abs)        000000
__Habs1                                         abs1         000000
__Hbank0                                        bank0        000000
__Hbank1                                        bank1        000000
__Hbank10                                       bank10       000000
__Hbank11                                       bank11       000000
__Hbank12                                       bank12       000000
__Hbank13                                       bank13       000000
__Hbank14                                       bank14       000000
__Hbank2                                        bank2        000000
__Hbank3                                        bank3        000000
__Hbank4                                        bank4        000000
__Hbank5                                        bank5        000000
__Hbank6                                        bank6        000000
__Hbank7                                        bank7        000000
__Hbank8                                        bank8        000000
__Hbank9                                        bank9        000000
__Hbigbss                                       bigbss       000000
__Hbigdata                                      bigdata      000000
__Hbigram                                       bigram       000000
__Hbigsfr                                       bigsfr       000000
__Hbss                                          bss          000000
__HbssBANK0                                     bssBANK0     000000
__HbssBANK1                                     bssBANK1     000000
__HbssCOMRAM                                    bssCOMRAM    000000
__Hcinit                                        cinit        000000
__Hclrtext                                      clrtext      000000
__Hcomram                                       comram       000000
__Hconfig                                       config       30000C
__Hconst                                        const        000000
__HcstackBANK0                                  cstackBANK0  000000
__HcstackBANK1                                  cstackBANK1  000000
__HcstackCOMRAM                                 cstackCOMRAM 000000
__Hdata                                         data         000000
__HdataBANK0                                    dataBANK0    000000
__Heeprom_data                                  eeprom_data  000000
__Hfarbss                                       farbss       000000
__Hfardata                                      fardata      000000
__Hheap                                         heap         000000
__Hibigdata                                     ibigdata     000000
__Hidata                                        idata        000000
__HidataBANK0                                   idataBANK0   000000
__Hidloc                                        idloc        200010
__Hifardata                                     ifardata     000000
__Hinit                                         init         0000F0
__Hintcode                                      intcode      0000EC
__Hintcode_body                                 intcode_body 000000
__Hintcodelo                                    intcodelo    0000EC
__Hintentry                                     intentry     000000
__Hintret                                       intret       000000
__Hintsave_regs                                 intsave_regs 000000
__Hirdata                                       irdata       000000
__Hmediumconst                                  mediumconst  000000
__HnvBANK1                                      nvBANK1      000000
__HnvCOMRAM                                     nvCOMRAM     000000
__HnvFARRAM                                     nvFARRAM     000000
__Hnvbit                                        nvbit        000000
__Hnvrram                                       nvrram       000000
__Hparam                                        rparam       000000
__Hpowerup                                      powerup      0000EC
__Hram                                          ram          000000
__Hramtop                                       ramtop       000F00
__Hrbit                                         rbit         000000
__Hrbss                                         rbss         000000
__Hrdata                                        rdata        000000
__Hreset_vec                                    reset_vec    000004
__Hrparam                                       rparam       000000
__Hsfr                                          sfr          000000
__Hsmallconst                                   smallconst   000F50
__Hspace_0                                      (abs)        004E42
__Hspace_1                                      (abs)        00019C
__Hspace_2                                      (abs)        000000
__Hspace_4                                      (abs)        60000C
__Hstack                                        stack        000000
__Hstruct                                       struct       000000
__Htemp                                         temp         000047
__Htext                                         text         000000
__Htext0                                        text0        000000
__Htext1                                        text1        000000
__Htext10                                       text10       000000
__Htext100                                      text100      000000
__Htext101                                      text101      000000
__Htext102                                      text102      000000
__Htext103                                      text103      000000
__Htext104                                      text104      000000
__Htext105                                      text105      000000
__Htext106                                      text106      000000
__Htext107                                      text107      000000
__Htext108                                      text108      000000
__Htext109                                      text109      000000
__Htext11                                       text11       000000
__Htext110                                      text110      000000
__Htext111                                      text111      000000
__Htext12                                       text12       000000
__Htext13                                       text13       000000
__Htext14                                       text14       000000
__Htext15                                       text15       000000
__Htext16                                       text16       000000
__Htext17                                       text17       000000
__Htext18                                       text18       000000
__Htext19                                       text19       000000
__Htext2                                        text2        000000
__Htext20                                       text20       000000
__Htext21                                       text21       000000
__Htext22                                       text22       000000
__Htext23                                       text23       000000
__Htext24                                       text24       000000
__Htext25                                       text25       000000
__Htext26                                       text26       000000
__Htext27                                       text27       000000
__Htext28                                       text28       000000
__Htext29                                       text29       000000
__Htext3                                        text3        000000
__Htext30                                       text30       000000
__Htext31                                       text31       000000
__Htext32                                       text32       000000
__Htext33                                       text33       000000
__Htext34                                       text34       000000
__Htext35                                       text35       000000
__Htext36                                       text36       000000
__Htext37                                       text37       000000
__Htext38                                       text38       000000
__Htext39                                       text39       000000
__Htext4                                        text4        000000
__Htext40                                       text40       000000
__Htext41                                       text41       000000
__Htext42                                       text42       000000
__Htext43                                       text43       000000
__Htext44                                       text44       000000
__Htext45                                       text45       000000
__Htext46                                       text46       000000
__Htext47                                       text47       000000
__Htext48                                       text48       000000
__Htext49                                       text49       000000
__Htext5                                        text5        000000
__Htext50                                       text50       000000
__Htext51                                       text51       000000
__Htext52                                       text52       000000
__Htext53                                       text53       000000
__Htext54                                       text54       000000
__Htext55                                       text55       000000
__Htext56                                       text56       000000
__Htext57                                       text57       000000
__Htext58                                       text58       000000
__Htext59                                       text59       000000
__Htext6                                        text6        000000
__Htext60                                       text60       000000
__Htext61                                       text61       000000
__Htext62                                       text62       000000
__Htext63                                       text63       000000
__Htext64                                       text64       000000
__Htext65                                       text65       000000
__Htext67                                       text67       000000
__Htext68                                       text68       000000
__Htext69                                       text69       000000
__Htext7                                        text7        000000
__Htext70                                       text70       000000
__Htext71                                       text71       000000
__Htext72                                       text72       000000
__Htext73                                       text73       000000
__Htext74                                       text74       000000
__Htext75                                       text75       000000
__Htext76                                       text76       000000
__Htext77                                       text77       000000
__Htext78                                       text78       000000
__Htext79                                       text79       000000
__Htext8                                        text8        000000
__Htext80                                       text80       000000
__Htext81                                       text81       000000
__Htext82                                       text82       000000
__Htext83                                       text83       000000
__Htext84                                       text84       000000
__Htext85                                       text85       000000
__Htext86                                       text86       000000
__Htext87                                       text87       000000
__Htext88                                       text88       000000
__Htext89                                       text89       000000
__Htext9                                        text9        000000
__Htext90                                       text90       000000
__Htext91                                       text91       000000
__Htext92                                       text92       000000
__Htext93                                       text93       000000
__Htext94                                       text94       000000
__Htext95                                       text95       000000
__Htext96                                       text96       000000
__Htext97                                       text97       000000
__Htext98                                       text98       000000
__Htext99                                       text99       000000
__LRAM                                          (abs)        000001
__Labs1                                         abs1         000000
__Lbank0                                        bank0        000000
__Lbank1                                        bank1        000000
__Lbank10                                       bank10       000000
__Lbank11                                       bank11       000000
__Lbank12                                       bank12       000000
__Lbank13                                       bank13       000000
__Lbank14                                       bank14       000000
__Lbank2                                        bank2        000000
__Lbank3                                        bank3        000000
__Lbank4                                        bank4        000000
__Lbank5                                        bank5        000000
__Lbank6                                        bank6        000000
__Lbank7                                        bank7        000000
__Lbank8                                        bank8        000000
__Lbank9                                        bank9        000000
__Lbigbss                                       bigbss       000000
__Lbigdata                                      bigdata      000000
__Lbigram                                       bigram       000000
__Lbigsfr                                       bigsfr       000000
__Lbss                                          bss          000000
__LbssBANK0                                     bssBANK0     000000
__LbssBANK1                                     bssBANK1     000000
__LbssCOMRAM                                    bssCOMRAM    000000
__Lcinit                                        cinit        000000
__Lclrtext                                      clrtext      000000
__Lcomram                                       comram       000000
__Lconfig                                       config       000000
__Lconst                                        const        000000
__LcstackBANK0                                  cstackBANK0  000000
__LcstackBANK1                                  cstackBANK1  000000
__LcstackCOMRAM                                 cstackCOMRAM 000000
__Ldata                                         data         000000
__LdataBANK0                                    dataBANK0    000000
__Leeprom_data                                  eeprom_data  000000
__Lfarbss                                       farbss       000000
__Lfardata                                      fardata      000000
__Lheap                                         heap         000000
__Libigdata                                     ibigdata     000000
__Lidata                                        idata        000000
__LidataBANK0                                   idataBANK0   000000
__Lidloc                                        idloc        000000
__Lifardata                                     ifardata     000000
__Linit                                         init         0000EC
__Lintcode                                      intcode      000008
__Lintcode_body                                 intcode_body 000000
__Lintcodelo                                    intcodelo    0000EC
__Lintentry                                     intentry     000000
__Lintret                                       intret       000000
__Lintsave_regs                                 intsave_regs 000000
__Lirdata                                       irdata       000000
__Lmediumconst                                  mediumconst  000000
__LnvBANK1                                      nvBANK1      000000
__LnvCOMRAM                                     nvCOMRAM     000000
__LnvFARRAM                                     nvFARRAM     000000
__Lnvbit                                        nvbit        000000
__Lnvrram                                       nvrram       000000
__Lparam                                        rparam       000000
__Lpowerup                                      powerup      0000EC
__Lram                                          ram          000000
__Lramtop                                       ramtop       000F00
__Lrbit                                         rbit         000000
__Lrbss                                         rbss         000000
__Lrdata                                        rdata        000000
__Lreset_vec                                    reset_vec    000000
__Lrparam                                       rparam       000000
__Lsfr                                          sfr          000000
__Lsmallconst                                   smallconst   000F00
__Lspace_0                                      (abs)        000000
__Lspace_1                                      (abs)        000000
__Lspace_2                                      (abs)        000000
__Lspace_4                                      (abs)        000000
__Lstack                                        stack        000000
__Lstruct                                       struct       000000
__Ltemp                                         temp         000046
__Ltext                                         text         000000
__Ltext0                                        text0        000000
__Ltext1                                        text1        000000
__Ltext10                                       text10       000000
__Ltext100                                      text100      000000
__Ltext101                                      text101      000000
__Ltext102                                      text102      000000
__Ltext103                                      text103      000000
__Ltext104                                      text104      000000
__Ltext105                                      text105      000000
__Ltext106                                      text106      000000
__Ltext107                                      text107      000000
__Ltext108                                      text108      000000
__Ltext109                                      text109      000000
__Ltext11                                       text11       000000
__Ltext110                                      text110      000000
__Ltext111                                      text111      000000
__Ltext12                                       text12       000000
__Ltext13                                       text13       000000
__Ltext14                                       text14       000000
__Ltext15                                       text15       000000
__Ltext16                                       text16       000000
__Ltext17                                       text17       000000
__Ltext18                                       text18       000000
__Ltext19                                       text19       000000
__Ltext2                                        text2        000000
__Ltext20                                       text20       000000
__Ltext21                                       text21       000000
__Ltext22                                       text22       000000
__Ltext23                                       text23       000000
__Ltext24                                       text24       000000
__Ltext25                                       text25       000000
__Ltext26                                       text26       000000
__Ltext27                                       text27       000000
__Ltext28                                       text28       000000
__Ltext29                                       text29       000000
__Ltext3                                        text3        000000
__Ltext30                                       text30       000000
__Ltext31                                       text31       000000
__Ltext32                                       text32       000000
__Ltext33                                       text33       000000
__Ltext34                                       text34       000000
__Ltext35                                       text35       000000
__Ltext36                                       text36       000000
__Ltext37                                       text37       000000
__Ltext38                                       text38       000000
__Ltext39                                       text39       000000
__Ltext4                                        text4        000000
__Ltext40                                       text40       000000
__Ltext41                                       text41       000000
__Ltext42                                       text42       000000
__Ltext43                                       text43       000000
__Ltext44                                       text44       000000
__Ltext45                                       text45       000000
__Ltext46                                       text46       000000
__Ltext47                                       text47       000000
__Ltext48                                       text48       000000
__Ltext49                                       text49       000000
__Ltext5                                        text5        000000
__Ltext50                                       text50       000000
__Ltext51                                       text51       000000
__Ltext52                                       text52       000000
__Ltext53                                       text53       000000
__Ltext54                                       text54       000000
__Ltext55                                       text55       000000
__Ltext56                                       text56       000000
__Ltext57                                       text57       000000
__Ltext58                                       text58       000000
__Ltext59                                       text59       000000
__Ltext6                                        text6        000000
__Ltext60                                       text60       000000
__Ltext61                                       text61       000000
__Ltext62                                       text62       000000
__Ltext63                                       text63       000000
__Ltext64                                       text64       000000
__Ltext65                                       text65       000000
__Ltext67                                       text67       000000
__Ltext68                                       text68       000000
__Ltext69                                       text69       000000
__Ltext7                                        text7        000000
__Ltext70                                       text70       000000
__Ltext71                                       text71       000000
__Ltext72                                       text72       000000
__Ltext73                                       text73       000000
__Ltext74                                       text74       000000
__Ltext75                                       text75       000000
__Ltext76                                       text76       000000
__Ltext77                                       text77       000000
__Ltext78                                       text78       000000
__Ltext79                                       text79       000000
__Ltext8                                        text8        000000
__Ltext80                                       text80       000000
__Ltext81                                       text81       000000
__Ltext82                                       text82       000000
__Ltext83                                       text83       000000
__Ltext84                                       text84       000000
__Ltext85                                       text85       000000
__Ltext86                                       text86       000000
__Ltext87                                       text87       000000
__Ltext88                                       text88       000000
__Ltext89                                       text89       000000
__Ltext9                                        text9        000000
__Ltext90                                       text90       000000
__Ltext91                                       text91       000000
__Ltext92                                       text92       000000
__Ltext93                                       text93       000000
__Ltext94                                       text94       000000
__Ltext95                                       text95       000000
__Ltext96                                       text96       000000
__Ltext97                                       text97       000000
__Ltext98                                       text98       000000
__Ltext99                                       text99       000000
__S0                                            (abs)        004E42
__S1                                            (abs)        00019C
__S4                                            (abs)        000000
__S5                                            (abs)        000000
___aldiv                                        text29       00386C
___aldiv@counter                                cstackCOMRAM 000026
___aldiv@dividend                               cstackBANK0  000060
___aldiv@divisor                                cstackBANK0  000064
___aldiv@quotient                               cstackCOMRAM 000028
___aldiv@sign                                   cstackCOMRAM 000027
___aodiv                                        text26       00357E
___aodiv@counter                                cstackBANK0  000060
___aodiv@dividend                               cstackCOMRAM 00001A
___aodiv@divisor                                cstackCOMRAM 000022
___aodiv@quotient                               cstackBANK0  000062
___aodiv@sign                                   cstackBANK0  000061
___aomod                                        text25       003708
___aomod@counter                                cstackCOMRAM 00002A
___aomod@dividend                               cstackCOMRAM 00001A
___aomod@divisor                                cstackCOMRAM 000022
___aomod@sign                                   cstackCOMRAM 00002B
___fladd                                        text12       001F88
___fladd@a                                      cstackBANK0  000092
___fladd@aexp                                   cstackBANK0  00009B
___fladd@b                                      cstackBANK0  00008E
___fladd@bexp                                   cstackBANK0  00009C
___fladd@grs                                    cstackBANK0  00009D
___fladd@signs                                  cstackBANK0  00009A
___fldiv                                        text17       002876
___fldiv@a                                      cstackBANK0  000064
___fldiv@aexp                                   cstackBANK0  000074
___fldiv@b                                      cstackBANK0  000060
___fldiv@bexp                                   cstackBANK0  000073
___fldiv@grs                                    cstackBANK0  00006F
___fldiv@new_exp                                cstackBANK0  00006D
___fldiv@rem                                    cstackBANK0  000068
___fldiv@sign                                   cstackBANK0  00006C
___fleq                                         text16       003F62
___fleq@ff1                                     cstackCOMRAM 00001A
___fleq@ff2                                     cstackCOMRAM 00001E
___flge                                         text15       003A82
___flge@ff1                                     cstackBANK0  00008E
___flge@ff2                                     cstackBANK0  000092
___flmul                                        text14       00244A
___flmul@a                                      cstackBANK0  000079
___flmul@aexp                                   cstackBANK0  000082
___flmul@b                                      cstackBANK0  000075
___flmul@bexp                                   cstackBANK0  000087
___flmul@grs                                    cstackBANK0  000083
___flmul@prod                                   cstackBANK0  000088
___flmul@sign                                   cstackBANK0  000081
___flmul@temp                                   cstackBANK0  00008C
___flneg                                        text13       0048F8
___flneg@f1                                     cstackCOMRAM 00001A
___flsub                                        text11       004724
___flsub@a                                      cstackBANK0  0000A2
___flsub@b                                      cstackBANK0  00009E
___fltol                                        text10       00397A
___fltol@exp1                                   cstackBANK0  0000A7
___fltol@f1                                     cstackBANK0  00009E
___fltol@sign1                                  cstackBANK0  0000A6
___fpclassifyf                                  text9        003B88
___fpclassifyf@F465                             bssCOMRAM    000030
___fpclassifyf@e                                cstackCOMRAM 000022
___fpclassifyf@u                                cstackCOMRAM 000024
___fpclassifyf@x                                cstackCOMRAM 00001A
___heap_hi                                      (abs)        000000
___heap_lo                                      (abs)        000000
___inthi_sp                                     stack        000000
___intlo_sp                                     stack        000000
___lmul                                         text28       004518
___lmul@multiplicand                            cstackCOMRAM 00001E
___lmul@multiplier                              cstackCOMRAM 00001A
___lmul@product                                 cstackCOMRAM 000022
___param_bank                                   (abs)        000000
___rparam_used                                  (abs)        000001
___sp                                           stack        000000
___xxtofl                                       text27       0033CA
___xxtofl@arg                                   cstackCOMRAM 000024
___xxtofl@exp                                   cstackCOMRAM 000023
___xxtofl@sign                                  cstackCOMRAM 000022
___xxtofl@val                                   cstackCOMRAM 00001A
__accesstop                                     (abs)        000060
__activetblptr                                  (abs)        000003
__end_of_EUSART1_Initialize                     text41       004724
__end_of_EUSART1_Read                           text65       004AE4
__end_of_EUSART1_SetErrorHandler                text44       004D62
__end_of_EUSART1_SetFramingErrorHandler         text43       004D54
__end_of_EUSART1_SetOverrunErrorHandler         text42       004D46
__end_of_EUSART1_Write                          text23       004C90
__end_of_EUSART1_is_rx_ready                    text64       004CD4
__end_of_I2C1_CallbackReturnReset               text99       004E2E
__end_of_I2C1_CallbackReturnStop                text100      004E32
__end_of_I2C1_Close                             text60       004ABA
__end_of_I2C1_DO_ADDRESS_NACK                   text76       004518
__end_of_I2C1_DO_IDLE                           text90       004D94
__end_of_I2C1_DO_RCEN                           text85       004D88
__end_of_I2C1_DO_RESET                          text77       004D7C
__end_of_I2C1_DO_RX                             text86       0040B4
__end_of_I2C1_DO_RX_ACK                         text80       004DBE
__end_of_I2C1_DO_RX_NACK_RESTART                text78       004DAE
__end_of_I2C1_DO_RX_NACK_STOP                   text79       004DB6
__end_of_I2C1_DO_SEND_ADR_READ                  text89       004D1C
__end_of_I2C1_DO_SEND_ADR_WRITE                 text88       004D0C
__end_of_I2C1_DO_SEND_RESTART                   text82       004DCE
__end_of_I2C1_DO_SEND_RESTART_READ              text84       004DDE
__end_of_I2C1_DO_SEND_RESTART_WRITE             text83       004DD6
__end_of_I2C1_DO_SEND_STOP                      text81       004DC6
__end_of_I2C1_DO_TX                             text87       003D4E
__end_of_I2C1_DO_TX_EMPTY                       text91       00434E
__end_of_I2C1_Initialize                        text40       004CE8
__end_of_I2C1_MasterClearIrq                    text63       004DF8
__end_of_I2C1_MasterClose                       text62       004E22
__end_of_I2C1_MasterDisableIrq                  text61       004DF2
__end_of_I2C1_MasterEnableIrq                   text56       004DEC
__end_of_I2C1_MasterEnableRestart               text110      004E3A
__end_of_I2C1_MasterFsm                         text74       0044AC
__end_of_I2C1_MasterGetRxData                   text96       004E26
__end_of_I2C1_MasterIsNack                      text93       004CFC
__end_of_I2C1_MasterIsr                         text73       004DFE
__end_of_I2C1_MasterOpen                        text55       004BEA
__end_of_I2C1_MasterOperation                   text58       0048BA
__end_of_I2C1_MasterSendAck                     text95       004E10
__end_of_I2C1_MasterSendNack                    text97       004E16
__end_of_I2C1_MasterSendTxData                  text94       004DE6
__end_of_I2C1_MasterSetIrq                      text92       004E0A
__end_of_I2C1_MasterStart                       text59       004E1E
__end_of_I2C1_MasterStartRx                     text98       004E2A
__end_of_I2C1_MasterStop                        text109      004E36
__end_of_I2C1_MasterWrite                       text57       004DA6
__end_of_I2C1_Open                              text53       003E04
__end_of_I2C1_Read1ByteRegister                 text48       0043CA
__end_of_I2C1_SetAddressNackCallback            text51       004C5C
__end_of_I2C1_SetBuffer                         text50       004BA4
__end_of_I2C1_SetCallback                       text52       0041CE
__end_of_I2C1_SetDataCompleteCallback           text49       004C40
__end_of_I2C1_SetInterruptHandler               text54       004D70
__end_of_I2C1_Write1ByteRegister                text47       004440
__end_of_INTERRUPT_Initialize                   text39       004E1A
__end_of_INTERRUPT_InterruptManager             intcode      0000EC
__end_of_IOCAF1_DefaultInterruptHandler         text71       004E42
__end_of_IOCAF1_ISR                             text70       0049CE
__end_of_IOCAF1_SetInterruptHandler             text37       004D38
__end_of_IOCAF2_DefaultInterruptHandler         text69       004E40
__end_of_IOCAF2_ISR                             text68       00499A
__end_of_IOCAF2_SetInterruptHandler             text36       004D2A
__end_of_OSCILLATOR_Initialize                  text38       004CA8
__end_of_PIN_MANAGER_IOC                        text67       004B0E
__end_of_PIN_MANAGER_Initialize                 text35       003EB4
__end_of_PMD_Initialize                         text34       004C24
__end_of_PWM4_Initialize                        text33       004CBE
__end_of_PWM4_LoadDutyValue                     text46       004966
__end_of_SPI2_Initialize                        text32       004B80
[...]
_fan_speed                                      bssBANK0     0000F8
_flags                                          bssBANK0     0000F7
_floorf                                         text8        0031B4
_fputc                                          text21       0040B4
_fputs                                          text20       0047B0
_hum                                            bssCOMRAM    000034
_hum_raw                                        bssBANK0     0000F3
_hum_raw_1                                      bssBANK0     0000FA
_hum_raw_2                                      bssBANK0     0000F9
_i2c1_fsmStateTable                             smallconst   000F01
_labs                                           text7        004582
_main                                           text0        00197A
_memcpy                                         text6        00463E
_menu                                           dataBANK0    0000FD
_min_fan_speed                                  dataBANK0    0000FF
_pad                                            text19       004252
_prec                                           bssCOMRAM    00003D
_printf                                         text1        004B0E
_putch                                          text22       004D94
_rd1RegCompleteHandler                          text104      004A2E
_rd2RegCompleteHandler                          text103      0049FE
_rdBlkRegCompleteHandler                        text101      0047F4
_spi2_configuration                             smallconst   000F31
_strcpy                                         text5        00476C
_temp                                           bssBANK0     0000EF
_temp_raw                                       bssBANK0     0000F5
_temp_raw_1                                     bssBANK0     0000FC
_temp_raw_2                                     bssBANK0     0000FB
_vfpfcnvrt                                      text3        002C12
_vfprintf                                       text2        0045E8
_width                                          bssCOMRAM    00003B
_wr1RegCompleteHandler                          text102      0049CE
_wr2RegCompleteHandler                          text105      004A5E
abs@a                                           cstackBANK0  000060
btemp                                           temp         000046
dtoa@d                                          cstackBANK0  00006D
dtoa@fp                                         cstackBANK0  00006B
dtoa@i                                          cstackBANK0  00008C
dtoa@n                                          cstackBANK0  000083
dtoa@p                                          cstackBANK0  00007F
dtoa@s                                          cstackBANK0  00008B
dtoa@w                                          cstackBANK0  000081
efgtoa@c                                        cstackBANK0  0000AE
efgtoa@d                                        cstackBANK0  0000BC
efgtoa@e                                        cstackBANK0  0000C0
efgtoa@f                                        cstackBANK0  0000AA
efgtoa@fp                                       cstackBANK0  0000A8
efgtoa@g                                        cstackBANK0  0000D3
efgtoa@h                                        cstackBANK0  0000CA
efgtoa@i                                        cstackBANK0  0000C8
efgtoa@l                                        cstackBANK0  0000CE
efgtoa@m                                        cstackBANK0  0000BE
efgtoa@mode                                     cstackBANK0  0000BA
efgtoa@n                                        cstackBANK0  0000D7
efgtoa@ne                                       cstackBANK0  0000B1
efgtoa@nmode                                    cstackBANK0  0000BB
efgtoa@ou                                       cstackBANK0  0000C4
efgtoa@p                                        cstackBANK0  0000B3
efgtoa@pp                                       cstackBANK0  0000B9
efgtoa@sign                                     cstackBANK0  0000D2
efgtoa@t                                        cstackBANK0  0000B5
efgtoa@u                                        cstackBANK0  0000D9
efgtoa@w                                        cstackBANK0  0000C2
end_of_initialization                           cinit        0046D0
floorf@F526                                     bssCOMRAM    00002C
floorf@e                                        cstackBANK0  000083
floorf@m                                        cstackBANK0  00007F
floorf@u                                        cstackBANK0  000085
floorf@x                                        cstackBANK0  000075
fputc@c                                         cstackCOMRAM 00001C
fputc@fp                                        cstackCOMRAM 00001E
fputs@c                                         cstackCOMRAM 000029
fputs@fp                                        cstackCOMRAM 000027
fputs@i                                         cstackCOMRAM 00002A
fputs@s                                         cstackCOMRAM 000025
i2I2C1_SetBuffer@buffer                         cstackCOMRAM 000001
i2I2C1_SetBuffer@bufferSize                     cstackCOMRAM 000003
i2I2C1_SetCallback@cb                           cstackCOMRAM 000001
i2I2C1_SetCallback@idx                          cstackCOMRAM 000006
i2I2C1_SetCallback@ptr                          cstackCOMRAM 000004
i2I2C1_SetDataCompleteCallback@cb               cstackCOMRAM 000007
i2I2C1_SetDataCompleteCallback@ptr              cstackCOMRAM 00000A
i2_I2C1_MasterClearIrq                          text75       004DFE
i2_I2C1_SetBuffer                               text108      004BA4
i2_I2C1_SetCallback                             text107      0041CE
i2_I2C1_SetDataCompleteCallback                 text106      004C5C
int$flags                                       temp         000046
intlevel0                                       text         000000
intlevel1                                       text         000000
intlevel2                                       text         000000
intlevel3                                       text         000000
isa$std                                         (abs)        000001
isa$xinst                                       (abs)        000000
labs@a                                          cstackCOMRAM 00001A
main@hum_register_lower                         cstackBANK1  00018F
main@hum_register_upper                         cstackBANK1  000190
main@hum_sensor_address                         cstackBANK1  000191
main@temp_register_lower                        cstackBANK1  00018D
main@temp_register_upper                        cstackBANK1  00018E
main@temp_sensor_address                        cstackBANK1  000192
memcpy@d                                        cstackCOMRAM 000021
memcpy@d1                                       cstackCOMRAM 00001A
memcpy@n                                        cstackCOMRAM 00001E
memcpy@s                                        cstackCOMRAM 000023
memcpy@s1                                       cstackCOMRAM 00001C
memcpy@tmp                                      cstackCOMRAM 000020
pad@buf                                         cstackBANK0  000062
pad@fp                                          cstackBANK0  000060
pad@i                                           cstackBANK0  000067
pad@p                                           cstackBANK0  000064
pad@w                                           cstackBANK0  000069
printf@ap                                       cstackBANK0  0000ED
printf@fmt                                      cstackBANK1  000185
putch@txData                                    cstackCOMRAM 00001B
rd1RegCompleteHandler@ptr                       cstackCOMRAM 00000C
rd2RegCompleteHandler@ptr                       cstackCOMRAM 00000C
rdBlkRegCompleteHandler@ptr                     cstackCOMRAM 00000C
stackhi                                         (abs)        000000
stacklo                                         (abs)        000000
start                                           init         0000EC
start_initialization                            cinit        00468E
strcpy@d                                        cstackCOMRAM 000020
strcpy@dest                                     cstackCOMRAM 00001A
strcpy@s                                        cstackCOMRAM 00001E
strcpy@src                                      cstackCOMRAM 00001C
ttemp5                                          temp         000047
ttemp6                                          temp         00004A
ttemp7                                          temp         00004E
vfpfcnvrt@ap                                    cstackBANK0  0000E1
vfpfcnvrt@c                                     cstackBANK1  000182
vfpfcnvrt@convarg                               cstackBANK1  00017A
vfpfcnvrt@cp                                    cstackBANK1  000183
vfpfcnvrt@fmt                                   cstackBANK0  0000DF
vfpfcnvrt@fp                                    cstackBANK0  0000DD
vfprintf@ap                                     cstackBANK0  0000E9
vfprintf@cfmt                                   cstackBANK0  0000EB
vfprintf@fmt                                    cstackBANK0  0000E7
vfprintf@fp                                     cstackBANK0  0000E5
wr1RegCompleteHandler@ptr                       cstackCOMRAM 00000C
wr2RegCompleteHandler@ptr                       cstackCOMRAM 00000C
wtemp8                                          temp         000047


MODULE INFORMATION

Module		Function		Class		Link	Load	Size
C:\Program Files\Microchip\xc8\v2.40\pic\sources\c99\common\sprcmul.c
		___flmul       		CODE           	244A	0000	1068

C:\Program Files\Microchip\xc8\v2.40\pic\sources\c99\common\sprcmul.c estimated size: 1068

C:\Program Files\Microchip\xc8\v2.40\pic\sources\c99\common\nf_fputc.c
		_fputc         		CODE           	40B4	0000	150

C:\Program Files\Microchip\xc8\v2.40\pic\sources\c99\common\nf_fputc.c estimated size: 150

C:\Program Files\Microchip\xc8\v2.40\pic\sources\c99\common\sprcdiv.c
		___fldiv       		CODE           	2876	0000	924

C:\Program Files\Microchip\xc8\v2.40\pic\sources\c99\common\sprcdiv.c estimated size: 924

mcc_generated_files/examples/i2c1_master_example.c
		_wr1RegCompleteHandler		CODE           	49CE	0000	48
		_wr2RegCompleteHandler		CODE           	4A5E	0000	48
		_I2C1_Write1ByteRegister		CODE           	43CA	0000	118
		_rdBlkRegCompleteHandler		CODE           	47F4	0000	68
		_rd1RegCompleteHandler		CODE           	4A2E	0000	48
		_rd2RegCompleteHandler		CODE           	49FE	0000	48
		_I2C1_Read1ByteRegister		CODE           	434E	0000	124

mcc_generated_files/examples/i2c1_master_example.c estimated size: 502

C:\Program Files\Microchip\xc8\v2.40\pic\sources\c99\common\memcpy.c
		_memcpy        		CODE           	463E	0000	80

C:\Program Files\Microchip\xc8\v2.40\pic\sources\c99\common\memcpy.c estimated size: 80

C:\Program Files\Microchip\xc8\v2.40\pic\sources\c99\common\fltol.c
		___fltol       		CODE           	397A	0000	264

C:\Program Files\Microchip\xc8\v2.40\pic\sources\c99\common\fltol.c estimated size: 264

mcc_generated_files/i2c1_master.c
		_I2C1_DO_SEND_RESTART		CODE           	4DC6	0000	8
		_I2C1_DO_TX_EMPTY		CODE           	42D0	0000	126
		_I2C1_DO_SEND_RESTART_READ		CODE           	4DD6	0000	8
		_I2C1_CallbackReturnStop		CODE           	4E2E	0000	4
		_I2C1_DO_RX    		CODE           	400C	0000	168
		_I2C1_DO_TX    		CODE           	3C86	0000	200
		_I2C1_SetAddressNackCallback		CODE           	4C40	0000	28
		_I2C1_DO_IDLE  		CODE           	4D88	0000	12
		_I2C1_MasterOpen		CODE           	4BC8	0000	34
		_I2C1_DO_RCEN  		CODE           	4D7C	0000	12
		_I2C1_MasterSendTxData		CODE           	4DDE	0000	8
		_I2C1_MasterStop		CODE           	4E32	0000	4
		_I2C1_CallbackReturnReset		CODE           	4E2A	0000	4
		_I2C1_DO_RESET 		CODE           	4D70	0000	12
		_I2C1_MasterStartRx		CODE           	4E26	0000	4
		_I2C1_DO_RX_ACK		CODE           	4DB6	0000	8
		_I2C1_MasterSendNack		CODE           	4E10	0000	6
		_I2C1_DO_RX_NACK_RESTART		CODE           	4DA6	0000	8
		_I2C1_MasterDisableIrq		CODE           	4DEC	0000	6
		_I2C1_MasterOperation		CODE           	487A	0000	64
		_I2C1_SetCallback		CODE           	414A	0000	132
		_I2C1_MasterEnableRestart		CODE           	4E36	0000	4
		_I2C1_Open     		CODE           	3D4E	0000	182
		_I2C1_DO_ADDRESS_NACK		CODE           	44AC	0000	108
		_I2C1_SetBuffer		CODE           	4B80	0000	36
		_I2C1_DO_SEND_RESTART_WRITE		CODE           	4DCE	0000	8
		_I2C1_MasterClose		CODE           	4E1E	0000	4
		_I2C1_MasterWrite		CODE           	4D9E	0000	8
		_I2C1_Initialize		CODE           	4CD4	0000	20
		_I2C1_Close    		CODE           	4A8E	0000	44
		_I2C1_MasterIsNack		CODE           	4CE8	0000	20
		_I2C1_MasterStart		CODE           	4E1A	0000	4
		_I2C1_DO_SEND_ADR_WRITE		CODE           	4CFC	0000	16
		_I2C1_MasterClearIrq		CODE           	4DF2	0000	6
		_I2C1_SetDataCompleteCallback		CODE           	4C24	0000	28
		_I2C1_DO_SEND_STOP		CODE           	4DBE	0000	8
		_I2C1_MasterSendAck		CODE           	4E0A	0000	6
		_I2C1_MasterFsm		CODE           	4440	0000	108
		_I2C1_MasterIsr		CODE           	4DF8	0000	6
		_I2C1_MasterGetRxData		CODE           	4E22	0000	4
		_I2C1_SetInterruptHandler		CODE           	4D62	0000	14
		_I2C1_MasterSetIrq		CODE           	4E04	0000	6
		_I2C1_DO_SEND_ADR_READ		CODE           	4D0C	0000	16
		_I2C1_MasterEnableIrq		CODE           	4DE6	0000	6
		_I2C1_DO_RX_NACK_STOP		CODE           	4DAE	0000	8

mcc_generated_files/i2c1_master.c estimated size: 1526

C:\Program Files\Microchip\xc8\v2.40\pic\sources\c99\common\aldiv.c
		___aldiv       		CODE           	386C	0000	270

C:\Program Files\Microchip\xc8\v2.40\pic\sources\c99\common\aldiv.c estimated size: 270

mcc_generated_files/pwm4.c
		_PWM4_Initialize		CODE           	4CA8	0000	22
		_PWM4_LoadDutyValue		CODE           	4930	0000	54

mcc_generated_files/pwm4.c estimated size: 76

C:\Program Files\Microchip\xc8\v2.40\pic\sources\c99\common\fleq.c
		___fleq        		CODE           	3F62	0000	170

C:\Program Files\Microchip\xc8\v2.40\pic\sources\c99\common\fleq.c estimated size: 170

mcc_generated_files/tmr2.c
		_TMR2_Initialize		CODE           	4BEA	0000	30

mcc_generated_files/tmr2.c estimated size: 30

mcc_generated_files/interrupt_manager.c
		_INTERRUPT_Initialize		CODE           	4E16	0000	4
		_INTERRUPT_InterruptManager		CODE           	0008	0000	228

mcc_generated_files/interrupt_manager.c estimated size: 232

C:\Program Files\Microchip\xc8\v2.40\pic\sources\c99\common\abs.c
		_abs           		CODE           	4838	0000	66

C:\Program Files\Microchip\xc8\v2.40\pic\sources\c99\common\abs.c estimated size: 66

C:\Program Files\Microchip\xc8\v2.40\pic\sources\c99\common\printf.c
		_printf        		CODE           	4B0E	0000	40

C:\Program Files\Microchip\xc8\v2.40\pic\sources\c99\common\printf.c estimated size: 40

C:\Program Files\Microchip\xc8\v2.40\pic\sources\c99\common\__fpclassifyf.c
		___fpclassifyf 		CODE           	3B88	0000	254

C:\Program Files\Microchip\xc8\v2.40\pic\sources\c99\common\__fpclassifyf.c estimated size: 254

mcc_generated_files/pin_manager.c
		_PIN_MANAGER_Initialize		CODE           	3E04	0000	176
		_IOCAF1_DefaultInterruptHandler		CODE           	4E40	0000	2
		_IOCAF1_ISR    		CODE           	499A	0000	52
		_IOCAF2_DefaultInterruptHandler		CODE           	4E3E	0000	2
		_IOCAF2_ISR    		CODE           	4966	0000	52
		_IOCAF1_SetInterruptHandler		CODE           	4D2A	0000	14
		_PIN_MANAGER_IOC		CODE           	4AE4	0000	42
		_IOCAF2_SetInterruptHandler		CODE           	4D1C	0000	14

mcc_generated_files/pin_manager.c estimated size: 354

C:\Program Files\Microchip\xc8\v2.40\pic\sources\c99\common\sprcadd.c
		___flsub       		CODE           	4724	0000	72
		___fladd       		CODE           	1F88	0000	1218

C:\Program Files\Microchip\xc8\v2.40\pic\sources\c99\common\sprcadd.c estimated size: 1290

C:\Program Files\Microchip\xc8\v2.40\pic\sources\c99\common\floorf.c
		_floorf        		CODE           	31B4	0000	534

C:\Program Files\Microchip\xc8\v2.40\pic\sources\c99\common\floorf.c estimated size: 534

C:\Program Files\Microchip\xc8\v2.40\pic\sources\c99\common\Umul32.c
		___lmul        		CODE           	4518	0000	106

C:\Program Files\Microchip\xc8\v2.40\pic\sources\c99\common\Umul32.c estimated size: 106

C:\Program Files\Microchip\xc8\v2.40\pic\sources\c99\common\flneg.c
		___flneg       		CODE           	48F8	0000	56

C:\Program Files\Microchip\xc8\v2.40\pic\sources\c99\common\flneg.c estimated size: 56

C:\Program Files\Microchip\xc8\v2.40\pic\sources\c99\common\labs.c
		_labs          		CODE           	4582	0000	102

C:\Program Files\Microchip\xc8\v2.40\pic\sources\c99\common\labs.c estimated size: 102

C:\Program Files\Microchip\xc8\v2.40\pic\sources\c99\common\xxtofl.c
		___xxtofl      		CODE           	33CA	0000	436

C:\Program Files\Microchip\xc8\v2.40\pic\sources\c99\common\xxtofl.c estimated size: 436

C:\Program Files\Microchip\xc8\v2.40\pic\sources\c99\common\nf_fputs.c
		_fputs         		CODE           	47B0	0000	68

C:\Program Files\Microchip\xc8\v2.40\pic\sources\c99\common\nf_fputs.c estimated size: 68

C:\Program Files\Microchip\xc8\v2.40\pic\sources\c99\common\aomod.c
		___aomod       		CODE           	3708	0000	356

C:\Program Files\Microchip\xc8\v2.40\pic\sources\c99\common\aomod.c estimated size: 356

shared
		i2_I2C1_SetBuffer		CODE           	4BA4	0000	36
		i2_I2C1_SetCallback		CODE           	41CE	0000	132
		__initialization		CODE           	468E	0000	66
		_i2c1_fsmStateTable		SMALLCONST     	0F01	0000	48
		i2_I2C1_MasterClearIrq		CODE           	4DFE	0000	6
		i2_I2C1_SetDataCompleteCallback		CODE           	4C5C	0000	28
		_spi2_configuration		SMALLCONST     	0F31	0000	4

shared estimated size: 320

mcc_generated_files/eusart1.c
		_EUSART1_is_rx_ready		CODE           	4CBE	0000	22
		_EUSART1_Initialize		CODE           	46DA	0000	74
		_putch         		CODE           	4D94	0000	10
		_EUSART1_SetFramingErrorHandler		CODE           	4D46	0000	14
		_EUSART1_Read  		CODE           	4ABA	0000	42
		_EUSART1_SetOverrunErrorHandler		CODE           	4D38	0000	14
		_EUSART1_SetErrorHandler		CODE           	4D54	0000	14
		_EUSART1_Write 		CODE           	4C78	0000	24

mcc_generated_files/eusart1.c estimated size: 214

C:\Program Files\Microchip\xc8\v2.40\pic\sources\c99\common\strcpy.c
		_strcpy        		CODE           	476C	0000	68

C:\Program Files\Microchip\xc8\v2.40\pic\sources\c99\common\strcpy.c estimated size: 68

mcc_generated_files/mcc.c
		_PMD_Initialize		CODE           	4C08	0000	28
		_OSCILLATOR_Initialize		CODE           	4C90	0000	24
		_SYSTEM_Initialize		CODE           	4B36	0000	38

mcc_generated_files/mcc.c estimated size: 90

C:\Program Files\Microchip\xc8\v2.40\pic\sources\c99\common\flge.c
		___flge        		CODE           	3A82	0000	262

C:\Program Files\Microchip\xc8\v2.40\pic\sources\c99\common\flge.c estimated size: 262

C:\Program Files\Microchip\xc8\v2.40\pic\sources\c99\common\doprnt.c
		_vfpfcnvrt     		CODE           	2C12	0000	800
		_efgtoa        		CODE           	0F50	0000	2602
		_pad           		CODE           	4252	0000	126
		_dtoa          		CODE           	2F32	0000	642
		_vfprintf      		CODE           	45E8	0000	86

C:\Program Files\Microchip\xc8\v2.40\pic\sources\c99\common\doprnt.c estimated size: 4256

mcc_generated_files/spi2.c
		_SPI2_Open     		CODE           	3EB4	0000	174
		_SPI2_Initialize		CODE           	4B5C	0000	36

mcc_generated_files/spi2.c estimated size: 210

main.c
		_main          		CODE           	197A	0000	1550
		_button_cb     		CODE           	48BA	0000	62

main.c estimated size: 1612

C:\Program Files\Microchip\xc8\v2.40\pic\sources\c99\common\aodiv.c
		___aodiv       		CODE           	357E	0000	394

C:\Program Files\Microchip\xc8\v2.40\pic\sources\c99\common\aodiv.c estimated size: 394

